// Jest Snapshot v1, https://goo.gl/fbAQLP

exports[`<UserText key={1} text="Awesome comment" author="Finn" id={1} onDeleteClick={console::log} /> render() renders the user text 1`] = `
<blockquote>
  <input
    type="hidden"
    value={1}
  />
  Awesome comment
  <footer>
    Finn
  </footer>
  <img
    alt="Delete button"
    onClick={[Function]}
    src="https://wecision.com/wecision/images/icons/closeIcon.png"
  />
</blockquote>
`;
